XXXXXXXXXXXXXXXXXXXXXXXXXXXXXXXXXXXXXXXXXXXXXXXX
XX                            XXXXXXXXXXXXXXXXXX
XX XXXXXXXXXXXXXXXXXXXXXXXXXX XXXXXXXXXXXXXXXXXX
XX XXXXXXXXXXXXXXXXXXXXXXXXXX XXXXXXXXXXXXXXXXXX
XX XXXXXXXXXXXXXX                         XXXXXX
XX            XXX                         XXXXXX
XX            XXXXXXXXXXXXXXXXXXXX XXXX   XXXXXX
XX            XXXXXXXXX X        X XXXX   XXXXXX
XX            XXXXXXXXX XXXXXX X X XXXX        X
XX            XXXXXXXXX X    X X X XXXX        X
XX            XXXXXXXXX X X  X X X XXXX        X
XX            XXXXXXXXX   XXXX X X XXXX        X
XXXXXXXXXX    XXXXXXXXX X X    X X XXXX        X
X          XXXXXXXXXXXX X   XX X X XXXX        X
X XXXXXXXXXXXXXXXXXXXXX X  X       XXXX        X
X XXXXXXXXXXXXXXXXXXXXX X XX   XXXXXXXX        X
X XXXXXXXXXXXXXXXXXXXXX XXXXXXXXXXXXXXX        X
X XXXXXXXXXXXXXXXXXXXXX XXXXXXXXXXXXXXXXXXXXXX X
X XXXXXXXXXXXXXXXXXXXXX XXXXXXXXXXXXXXXXXXXXXX X
X XXXXXXXXXXXXXXXXXXXXX XXXXXXXXXXXXXXXXXXXXXX X
X           XXXXXXXXXXX XXXXXXXXXXXXXXXXXXXXXX X
XXXXXXXXXXX XXXXXXXXXXX XXXXXXXXXXXXXXXXXXXXXX X
XXXX                              XXXXXXXX     X
XXXX                              XXXXXXXX XXXXX
XXXX                              XXXXXXXX XXXXX
XXXX                                       XXXXX
XXXX                              XXXXXXXX XXXXX
XXXX                              XXXXXXXX XXXXX
XXXXXXXXXXXXXXXXXXXXXXXXXXXXXXXXXXXXXXXXXX XXXXX
XXXXXXXXXXXXXXXXXXXXXXXXXXXXXXXXXXXXXXXXXX XXXXX
XXXXXXXXXXXXXXXXXXXXXXXXXXXXXXXXXXXXXXXXXX XXXXX
XXXXXXXXXXXXXXXXXXXXXXXXXXXXXXXXXXXXXXXXXX XXXXX
XXXXXXXXXXXXXXXXXXXXXXXXXXXXXXXXXXXXXXXXXX XXXXX
XXXXXXXXXXXXXXXXXXXXXXXXXXXXXXXXXXXXXXXXXX XXXXX
X                                          XXXXX
XXXXXXXXXXXXXXXXXXXXXXXXXXXXXXXXXXXXXXXXXXXXXXXX
