XXXXXXXXXXXXXXXXXXXXXXXXXXXXXXXXXXXXXXXXXXXXXXXX
XX                            XXXXXXXXXXXXXXXXXX
XX XXXXXXXXXXXXXXXXXXXXXXXXXX XXXXXXXXXXXXXXXXXX
XX XXXXXXXXXXXXXXXXXXXXXXXXXX XXXXXXXXXXXXXXXXXX
XX XXXXXXXXXXXXXX                         XXXXXX
XX            XXX                         XXXXXX
XX            XXXXXXXXXXXXXXXXXXXX XXXX   XXXXXX
XX            XXXXXXXXX X        X XXXX   XXXXXX
XX            XXXXXXXXX XXXXXX X X XXXX        X
XXXXXXXXXXXXXXXXXXXXXXX X    X X X XXXX        X
XXXXXXXXXXXXXXXXXXXXXXX X X  X X X XXXX        X
XX         XXXXXXXXXXXX   XXXX X X XXXX        X
XXXXXXXXXX XXXXXXXXXXXX X X    X X XXXX        X
X                       X   XX X X XXXX        X
X XXXXXXXXXXXXXXXXXXXXX X  X       XXXX        X
X XXXXXXXXX         XXX X XX   XXXXXXXX        X
X                     X XXXXXXXXXXXXXXX        X
X XXXXXXXX            X XXXXXXXXXXXXXXXXXXXXXX X
X XXXXXXXX            X XXXXXXXXXXXXXXXXXXXXXX X
X XXXXXXXX            X XXXXXXXXXXXXXXXXXXXXXX X
X XXXXXXXX            X XXXXXXXXXXXXXXXXXXXXXX X
XXXXXXXXXX            X XXXXXXXXXXXXXXXXXXXXXX X
XXXX XXXXXX XXXXXXXXXXX XXXXXXXXXXXXXXXXXX     X
XXXX XXXXXX XXXXXXXXXXX XXXXXXXXXXXXXXXXXX XXXXX
XXXX XXXXXX XXXXXXXXXXX XXXXXXXXXXXXXXXXXX XXXXX
XXXX XXXXXX XXXXXXXXXXX XXXXXXXXX          XXXXX
XXXX XXXXXX XXXXXXXXXXX XXXXXXXXX XXXXXXXX XXXXX
XXXX                              XXXXXXXX XXXXX
XXXXXXXXXXXXXXXXXXXXXXXXXXXXXXXXXXXXXXXXXX XXXXX
XXXXXXXXXXXXXXXXXXXXXXXXXXXXXXXXXXXXXXXXXX XXXXX
XXXXXXXXXXXXXXXXXXXXXXXXXXXXXXXXXXXXXXXXXX XXXXX
XXXXXXXXXXXXXXXXXXXXXXXXXXXXXXXXXXXXXXXXXX XXXXX
XXXXXXXXXXXXXXXXXXXXXXXXXXXXXXXXXXXXXXXXXX XXXXX
XXXXXXXXXXXXXXXXXXXXXXXXXXXXXXXXXXXXXXXXXX XXXXX
X                                          XXXXX
XXXXXXXXXXXXXXXXXXXXXXXXXXXXXXXXXXXXXXXXXXXXXXXX
