XXXXXXXXXXXXXXXXXXXXXXXXXXXXXXXXXXXXXXXXXXXXXXXX
XXXXXXXXXXXXXXXXXXXXX         XXXXXXXXXXXXXXXXXX
XXXXXXXXXXXXXXXXXXXXX         XXXXXXXXXXXXXXXXXX
XXXXX                         XXXXXXXXXXXXXXXXXX
XXXXX XXXXXXXXXXXXXXX         XXXXXXXXXXXXXXXXXX
XXXXX XXXXXXXXXXXXXXX         XXXXXXXXXXXXXXXXXX
XXXXX XXXXXXXXXXXXXXX         XXXXXXXXXXXXXXXXXX
X XXX XXXXXXXXXXXXXXX         XXXXXXXXXXXXXXXXXX
X XXX XXXXXXXXXXXXXXXXXX XXXXXXXXXXXXXXXXXXXXXXX
X XXX XXXXXXXXXXXXXXXXXX XXXXXXXXXXXXXXXXXXXXXXX
X XXX XXXXXXXXXXXXXXXXXX XXXXXXXXXXXXXXXXXXXXXXX
X XXX X                  XXXXXXXXXXXXXXXXXXXXXXX
X XXX XXXXXXXXXXXXXXXXXX XXXXXXXXX   XXXXXXXXXXX
X XXX XXXXXXXXXXXXXXXXXX XXXXXXX       XXXXXXXXX
X XXX XXXXXXXXXXXXXXXXXX XXXXX           XXXXXXX
X XXX XXXXXXXXXXXXXXXXXX XXXX             XXXXXX
X XXX XXXXXXXXXXXXXXXXXX XXXX             XXXXXX
X XXX XXXXXXXXXXXXXXXXXX XXXXXXXXXXX XXXXXXXXXXX
X XXX XXXXXXXXXXXXXXXXXX XXXXXXXXXXX XXXXXXXXXXX
X                 XXXXXX XXXXXXXXXXX XXXXXXXXXXX
X                 XXXXXX XXXXXXXXXXX XXXXXXXXXXX
X                 XXXXXX XXXXXXXXXXX XXXXXXXXXXX
X                 XXXXXX XXXXXXXXXXX XXXXXXXXXXX
X                                    XXXXXXXXXXX
X                 XXXXXXXXXXXXXXXXXX XXXXXXXXXXX
X                 XXXXXXXXXXXXXXXXXX XXXXXXXXXXX
X                 XXXXXXXXXXXXXXXXXX XXXXXXXXXXX
X                 XXXXXXXXXXXXXXXXXX XXXXXXXXXXX
X                 XXXXXXXXXXXXXXXXXX XXXXXXXXXXX
XXXXXXXXXXXXXXXXXXXXXXXXXXXXXXXXXXXX XXXXXXXXXXX
XXXXXXXXXXXXXXXXXXXXXXXXXXXXXXXXXXXX XXXXXXXXXXX
XXXXXXXXXXXXXXXXXXXXXXXXXXXXXXXXXXXX XXXXXXXXXXX
XXXXXXXXXXXXXXXXXXXXXXXXXXXXXXXXXXXX XXXXXXXXXXX
XXXXXXXXXXXX                                XXXX
XXXXXXXXXXXXXXXXXXXXXXXXXXXXXXXXXXXXXXXXXXXXXXXX
XXXXXXXXXXXXXXXXXXXXXXXXXXXXXXXXXXXXXXXXXXXXXXXX
