XXXXXXXXXXXXXXXXXXXXXXXXXXXXXXXXXXXXXXXXXXXXXXXX
XXXXXXXXXXX                 XXXXXXXXXXXXXXXXXXXX
XXXXXXXXXXX XXXXXXXXXXXXXXX XXXXXXXXXXXXXXXXXXXX
XXXXXXXXXXX XXXXXXXXXXXXXXX XXXXXXXXXXXXXXXXXXXX
XXXXXXXXXXX XXXXXXXXXXXXXXX XXXXXXXXXXXXXXXXXXXX
XXXXX       XXXXXXXXXXXXXXX XXXXXXXXXXXXXXXXXXXX
XXXXX XXXXXXXXXXXXXXXXXXXXX XXXXXXXXXXXXXXXXXXXX
XXXXX XXXXXXXXXXXXXXXXXXXXX XXXXXXXXXXXXXXXXXXXX
XXXXX XXXXXXXXXXX                 XXXXXXXXXXXXXX
XXXXX XXXXXXXXXXX                 XXXXXXXXXXXXXX
XXXXX XXXXXXXXXXX                 XXXXXXXXXXXXXX
XXXXX XXXXXXXXXXX                 XXXXXXXXXXXXXX
XXXXX XXXXXXXXXXX                 XXXXXXXXXXXXXX
XXXXX                             XXXXXXXXXXXXXX
XXXXXXXXXXXXXXXXX                 XXXXXXXXXXXXXX
XXXXXXXXXXXXXXXXX                 XXXXXXXXXXXXXX
XXXXXXXXXXXXXXXXX                 XXXXXXXXXXXXXX
XXXXXXXXXXXXXXXXX                 XXXXXXXXXXXXXX
XXXXXXXXXXXXXXXXX                 XXXXXXXXXXXXXX
XXXXXXXXXXXXXXXXX                 XXXXXXXXXXXXXX
XXXXXXXXXXXXXXXXXXXXXXXXX XXXXXXXXXXXXXXXXXXXXXX
XXXXXXXXXXXXXXXXXXXXXXXXX XXXXXXXXXXXXXXXXXXXXXX
XXXXXXXXXXXXXXXXXXXXXXXXX XXXXXXXXXXXXXXXXXXXXXX
XXXXXXXXXXXXXXXXXXXXXXXXX XXXXXXXXXXXXXXXXXXXXXX
XXXXXXXXXXXXXXXXXXXXXXXXX XXXXXXXXXXXXXXXXXXXXXX
XXXXXXXXXXXXXXXXXXXXXXXXX XXXXXXXXXXXXXXXXXXXXXX
XXXXXXXXXXXXXXXXXXXXXXXXX XXXXXXXXXXXXXXXXXXXXXX
XXXXXXXXXXXXXXXXXXXXXXXXX              XXXXXXXXX
XXXXXXXXXXXXXXXXXXXXXXXXXXXXXXXXXXXXXX XXXXXXXXX
X               XXXXXXXXXXXXXXXXXXXXXX XXXXXXXXX
X               XXXXXXXXXXXXXXXXXXXXXX XXXXXXXXX
X               XXXXXXXXXXXXXXXXXXXXXX XXXXXXXXX
X                                      XXXXXXXXX
X               XXXXXXXXXXXXXXXXXXXXXXXXXXXXXXXX
X               XXXXXXXXXXXXXXXXXXXXXXXXXXXXXXXX
XXXXXXXXXXXXXXXXXXXXXXXXXXXXXXXXXXXXXXXXXXXXXXXX
